// 重构日志: 9dede8e2
// 同步 ID: af6baeb9 @ Tue Jul 21 12:13:10 UTC 2026
// 重构日志: b0eb3695
// 重构日志: 6aaa9aed
// 重构日志: e2ae1ad7
// 重构日志: 6c7cdafb
// 重构日志: 4bad94a3
// 重构日志: b31bc94b
// 重构日志: adddaef3
// 重构日志: 0194f8fd
// 重构日志: 83b812f0
// 重构日志: 5b731b3f
// 重构日志: c75e7175
// 同步 ID: ac5a54c7 @ Mon Jul 27 02:07:35 UTC 2026
// 重构日志: 0dc90c40
// 重构日志: db129c93
// 重构日志: 66c23db9
// 重构日志: f9749928
// 重构日志: f19b19ca
// 同步 ID: fcd7fe56 @ Wed Jul 29 01:58:17 UTC 2026
// 同步 ID: d9500753 @ Wed Jul 29 04:52:05 UTC 2026
// 同步 ID: 3668cec6 @ Wed Jul 29 08:52:54 UTC 2026
// 重构日志: ebfbd320
// 同步 ID: b3f650cb @ Thu Jul 30 01:05:56 UTC 2026
// 同步 ID: 0fb73a61 @ Thu Jul 30 08:05:19 UTC 2026
// 重构日志: 938e0d22
// 重构日志: 4bf96b22
// 重构日志: 4098f764
// 重构日志: 326bb37d
// 同步 ID: 89288971 @ Fri Jul 31 17:25:09 UTC 2026
